func main: 0x0000000000000006
var currentDevice: 0x00
var deviceCount: 0x01
var deviceAddress: 0x02
var $tmp_0: 0x03
var $tmp_1: 0x04
var $tmp_2: 0x05
var $tmp_3: 0x06
var $tmp_4: 0x07
var $tmp_5: 0x08
var $tmp_6: 0x09
var $tmp_7: 0x0A
var $tmp_8: 0x0B
var $tmp_9: 0x0C
var $tmp_10: 0x0D
var $tmp_11: 0x0E
var $tmp_12: 0x0F
var $tmp_13: 0x10
0x00: SL [(0x3)] 0xFFF 0x34
0x02: SET [(0x0)] [(0x3)]
0x03: ADD [(0x4)] [(0x0)] 0x0
0x04: SET S [(0x4)]
0x05: SET [(0x1)] [S]
0x06: ADD [(0x5)] [(0x0)] 0x1
0x07: SET [(0x0)] [(0x5)]
0x08: SET RIP {0x2}
0x0A: GT [(0x6)] [(0x1)] 0x0
0x0B: IFZ [(0x6)] SET RIP {0x25}
0x0D: SET RIP {0x2}
0x0F: ADD [(0x8)] [(0x0)] 0x1
0x10: SET S [(0x8)]
0x11: EQ [(0x7)] [S] 0x5
0x12: IFZ [(0x7)] SET RIP {0x18}
0x14: SET RIP {0x2}
0x16: ADD [(0xA)] [(0x0)] 0x0
0x17: SET S [(0xA)]
0x18: SL [(0x9)] [S] 0x34
0x19: SET [(0x2)] [(0x9)]
0x1A: ADD [(0xC)] [(0x2)] 0x0
0x1B: SET S [(0xC)]
0x1C: EQ [(0xB)] [S] 0x454B_5241
0x1E: IFZ [(0xB)] SET RIP {0x8}
0x20: SET RIP {0x2}
0x22: ADD [(0xD)] [(0x2)] 0x1
0x23: SET RIP [(0xD)]
0x24: SET RIP {0x2}
0x26: SET RIP {0x2}
0x28: SET RIP {0xFFFF_FFFF_FFFF_FFE2}
0x2A: SUB [(0xE)] [(0x1)] 0x1
0x2B: SET [(0x1)] [(0xE)]
0x2C: ADD [(0xF)] [(0x0)] 0x4
0x2D: SET [(0x0)] [(0xF)]
0x2E: SET RIP {0xFFFF_FFFF_FFFF_FFFA}
0x30: SET R0 [(0x10)]
0x31: RET

