func main: 0x0000000000000006
var controllerInfo: 0x0
var deviceCount: 0x1
var device: 0x2
var header: 0x3
var $tmp_0: 0x4
var $tmp_1: 0x5
var $tmp_2: 0x6
var $tmp_3: 0x7
var $tmp_4: 0x8
var $tmp_5: 0x9
var $tmp_6: 0xA
var $tmp_7: 0xB
0x00: SL $tmp_0 0xFFF 0x34
0x02: SET controllerInfo $tmp_0
0x03: SET S controllerInfo
0x04: SET S S
0x05: ADD S S 0x0
0x06: SET deviceCount [S]
0x07: SET S controllerInfo
0x08: SET S S
0x09: ADD S S 0x1
0x0A: SET device [S]
0x0B: SET RIP @0x0D
0x0D: GT $tmp_1 deviceCount 0x0
0x0E: IFZ $tmp_1 SET RIP @0x36
0x10: SET RIP @0x12
0x12: SET S device
0x13: SET S S
0x14: ADD S S 0x1
0x15: EQ $tmp_2 [S] 0x5
0x16: IFZ $tmp_2 SET RIP @0x30
0x18: SET RIP @0x1A
0x1A: SET S device
0x1B: SET S S
0x1C: ADD S S 0x0
0x1D: SL $tmp_3 [S] 0x34
0x1E: SET header $tmp_3
0x1F: SET S header
0x20: SET S S
0x21: ADD S S 0x0
0x22: EQ $tmp_4 [S] 0x454B_5241
0x24: IFZ $tmp_4 SET RIP @0x2E
0x26: SET RIP @0x28
0x28: SET S header
0x29: SET S S
0x2A: ADD S S 0x1
0x2B: SET RIP S
0x2C: SET RIP @0x2E
0x2E: SET RIP @0x30
0x30: SUB $tmp_5 deviceCount 0x1
0x31: SET deviceCount $tmp_5
0x32: ADD $tmp_6 device 0x4
0x33: SET device $tmp_6
0x34: SET RIP @0x0D
0x36: SET R0 $tmp_7
0x37: RET

