func main: 0x0000000000000006
var controllerInfo: 0x0
var deviceCount: 0x1
var device: 0x2
var header: 0x3
var $tmp_0: 0x4
var $tmp_1: 0x5
var $tmp_2: 0x6
var $tmp_3: 0x7
var $tmp_4: 0x8
var $tmp_5: 0x9
var $tmp_6: 0xA
var $tmp_7: 0xB
0x00: SL [(0x4)] 0xFFF 0x34
0x02: SET [(0x0)] [(0x4)]
0x03: SET S [(0x0)]
0x04: SET S S
0x05: ADD S S 0x0
0x06: SET [(0x1)] [S]
0x07: SET S [(0x0)]
0x08: SET S S
0x09: ADD S S 0x1
0x0A: SET [(0x2)] [S]
0x0B: SET RIP {0x2}
0x0D: GT [(0x5)] [(0x1)] 0x0
0x0E: IFZ [(0x5)] SET RIP {0x28}
0x10: SET RIP {0x2}
0x12: SET S [(0x2)]
0x13: SET S S
0x14: ADD S S 0x1
0x15: EQ [(0x6)] [S] 0x5
0x16: IFZ [(0x6)] SET RIP {0x1A}
0x18: SET RIP {0x2}
0x1A: SET S [(0x2)]
0x1B: SET S S
0x1C: ADD S S 0x0
0x1D: SL [(0x7)] [S] 0x34
0x1E: SET [(0x3)] [(0x7)]
0x1F: SET S [(0x3)]
0x20: SET S S
0x21: ADD S S 0x0
0x22: EQ [(0x8)] [S] 0x454B_5241
0x24: IFZ [(0x8)] SET RIP {0xA}
0x26: SET RIP {0x2}
0x28: SET S [(0x3)]
0x29: SET S S
0x2A: ADD S S 0x1
0x2B: SET RIP S
0x2C: SET RIP {0x2}
0x2E: SET RIP {0x2}
0x30: SUB [(0x9)] [(0x1)] 0x1
0x31: SET [(0x1)] [(0x9)]
0x32: ADD [(0xA)] [(0x2)] 0x4
0x33: SET [(0x2)] [(0xA)]
0x34: SET RIP {0xFFFF_FFFF_FFFF_FFD9}
0x36: SET R0 [(0xB)]
0x37: RET

