func main: 0x0000000000000007
var $tmp_0: 0x0
var $tmp_1: 0x1
0x00: SET S RBP
0x01: SET S 0xC
0x03: SUB RBP RSP 0x1
0x05: ADD RSP RSP 0x7
0x07: CALL {0xE}
0x09: SUB RSP RSP 0x8
0x0B: SET RBP S
0x0C: SET [\0x0/] R0
0x0E: SET RIP {0x2}
0x10: SET R1 [\0x0/]
0x12: SET R0 [\0x1/]
0x14: RET

func fib: 0x000000000000001C
arg n: 0x0
var $tmp_2: 0x1
var $tmp_3: 0x2
var $tmp_4: 0x3
var $tmp_5: 0x4
var $tmp_6: 0x5
var $tmp_7: 0x6
var $tmp_8: 0x7
0x00: GTE [\0x1/] [\0x0/] 0x2
0x04: IFZ [\0x1/] SET RIP {0x39}
0x07: SET RIP {0x2}
0x09: SUB [\0x4/] [\0x0/] 0x1
0x0D: SET S RBP
0x0E: SET S [\0x4/]
0x10: SUB RBP RSP 0x1
0x12: ADD RSP RSP 0x7
0x14: CALL {0xFFFF_FFFF_FFFF_FFEC}
0x16: SUB RSP RSP 0x8
0x18: SET RBP S
0x19: SET [\0x3/] R0
0x1B: SET RIP {0x2}
0x1D: SUB [\0x6/] [\0x0/] 0x2
0x21: SET S RBP
0x22: SET S [\0x6/]
0x24: SUB RBP RSP 0x1
0x26: ADD RSP RSP 0x7
0x28: CALL {0xFFFF_FFFF_FFFF_FFD8}
0x2A: SUB RSP RSP 0x8
0x2C: SET RBP S
0x2D: SET [\0x5/] R0
0x2F: SET RIP {0x2}
0x31: ADD [\0x2/] [\0x3/] [\0x5/]
0x35: SET R0 [\0x2/]
0x37: RET
0x38: SET RIP {0x2}
0x3A: SET R0 [\0x7/]
0x3C: RET
0x3D: SET R0 [\0x0/]
0x3F: RET
0x40: SET RIP {0xFFFF_FFFF_FFFF_FFFA}

