func main: 0x0000000000000006
var $tmp_0: 0x0
var $tmp_1: 0x1
0x0: SET S RBP
0x1: SET S 0xC
0x2: SUB RBP RSP 0x1
0x3: ADD RSP RSP 0x7
0x4: CALL {0xA}
0x6: SUB RSP RSP 0x8
0x7: SET RBP S
0x8: SET [(0x0)] R0
0x9: SET RIP {0x2}
0xB: SET R1 [(0x0)]
0xC: SET R0 [(0x1)]
0xD: RET

func fib: 0x0000000000000014
arg n: 0x0
var $tmp_2: 0x1
var $tmp_3: 0x2
var $tmp_4: 0x3
var $tmp_5: 0x4
var $tmp_6: 0x5
var $tmp_7: 0x6
var $tmp_8: 0x7
0x00: GTE [(0x1)] [(0x0)] 0x2
0x01: IFZ [(0x1)] SET RIP {0x23}
0x03: SET RIP {0x2}
0x05: SUB [(0x4)] [(0x0)] 0x1
0x06: SET S RBP
0x07: SET S [(0x4)]
0x08: SUB RBP RSP 0x1
0x09: ADD RSP RSP 0x7
0x0A: CALL {0xFFFF_FFFF_FFFF_FFF6}
0x0C: SUB RSP RSP 0x8
0x0D: SET RBP S
0x0E: SET [(0x3)] R0
0x0F: SET RIP {0x2}
0x11: SUB [(0x6)] [(0x0)] 0x2
0x12: SET S RBP
0x13: SET S [(0x6)]
0x14: SUB RBP RSP 0x1
0x15: ADD RSP RSP 0x7
0x16: CALL {0xFFFF_FFFF_FFFF_FFEA}
0x18: SUB RSP RSP 0x8
0x19: SET RBP S
0x1A: SET [(0x5)] R0
0x1B: SET RIP {0x2}
0x1D: ADD [(0x2)] [(0x3)] [(0x5)]
0x1E: SET R0 [(0x2)]
0x1F: RET
0x20: SET RIP {0x2}
0x22: SET R0 [(0x7)]
0x23: RET
0x24: SET R0 [(0x0)]
0x25: RET
0x26: SET RIP {0xFFFF_FFFF_FFFF_FFFC}

