BRK
SET RSP 0x1_0000
SET R0 0x5
SET R1 0x0
SET S R0
IFZ S SET RIP {0xE}
SET S R1
SET S 0x1
ADD S S S
SET R1 S
SET S R0
SET S 0x1
SUB S S S
SET R0 S
SET RIP {0xFFFF_FFFF_FFFF_FFF3}
BRK
DBG R0 R0 R0
SET S RZERO
SET S RONE
SET S 0x1
CPY S S S
NOP
SET R12 0x1
SET R13 0x2
XCHG R12 R13
SET S 0x1
SET S 0x2
SET S 0x3
ADD S S S
MUL S S S
SET S 0x9
SET S 0x7
MUL S S S
SET S 0x4
SET S 0x3
MUL S S 0xFFFF_FFFF_FFFF_FFFF
SUB S S S
DIV S S S
SUB S S S
SET S 0x3
SET S 0xC
SET S 0x3
ADD S S S
SET S 0xB
SET S 0x6
MOD S S S
SET S 0x6
SET S 0x2
SET S 0x3
SUB S S S
MUL S S 0xFFFF_FFFF_FFFF_FFFF
SUB S S S
DIV S S S
SET S 0x3
MUL S S S
ADD S S S
POW S S S
ADD S S S
SET R1 S
SET R2 0x5
SET R3 0x9
SET S R2
SET S R3
ADD S S S
SET R4 S
SET R0 0x0
SET S R0
SET S RONE
ADD S S S
SET R0 S
SET S R0
SET S RONE
RL S S S
SET R0 S
BRK
SET S R4
IFZ S SET RIP {0x4}
SET R5 0x4D2
SET R13 RZERO
SET R14 RZERO
SET R15 RONE
SET S 0x6
CAS R13 R14 S
SET S 0x8
CAS R14 R15 S
SET R0 0xFFFF_FFFF_FFFF_FFFF
SET S R0
SET S R0
EQ S S S
IFZ S SET RIP {0x4}
SET R1 0xC
SET S RZERO
SET S RONE
LT S S S
IFZ S SET RIP {0x6}
SET R2 0x22
SET R3 0x2D
SET S RONE
SET S RMAX
AND S S S
SET S 0xFFFF_FFFF_FFFF_FFFF
AND S S S
IFZ S SET RIP {0x4}
SET R7 0xD
SET S RONE
SET S RZERO
AND S S S
SET S 0x0
AND S S S
IFZ S SET RIP {0x4}
SET R8 0xD
SET S RZERO
SET S 0x0
OR S S S
IFZ S SET RIP {0x8}
SET R4 0x38
SET R5 0x4E
SET R6 0x5A
HLT
