func main: 0x0000000000000006
var controllerInfo: 0x0
var deviceCount: 0x1
var device: 0x2
var header: 0x3
var $tmp_0: 0x4
var $tmp_1: 0x5
var $tmp_2: 0x6
var $tmp_3: 0x7
var $tmp_4: 0x8
var $tmp_5: 0x9
var $tmp_6: 0xA
var $tmp_7: 0xB
0x00: SET R1 0x6
0x01: SET R0 0x0
0x02: RET
0x03: SL $tmp_0 0xFFF 0x34
0x05: SET controllerInfo $tmp_0
0x06: SET S controllerInfo
0x07: SET S S
0x08: ADD S S 0x0
0x09: SET deviceCount [S]
0x0A: SET S controllerInfo
0x0B: SET S S
0x0C: ADD S S 0x1
0x0D: SET device [S]
0x0E: SET RIP 0x10
0x10: GT $tmp_1 deviceCount 0x0
0x11: IFZ $tmp_1 SET RIP 0x39
0x13: SET RIP 0x15
0x15: SET S device
0x16: SET S S
0x17: ADD S S 0x1
0x18: EQ $tmp_2 [S] 0x5
0x19: IFZ $tmp_2 SET RIP 0x33
0x1B: SET RIP 0x1D
0x1D: SET S device
0x1E: SET S S
0x1F: ADD S S 0x0
0x20: SL $tmp_3 [S] 0x34
0x21: SET header $tmp_3
0x22: SET S header
0x23: SET S S
0x24: ADD S S 0x0
0x25: EQ $tmp_4 [S] 0x454B_5241
0x27: IFZ $tmp_4 SET RIP 0x31
0x29: SET RIP 0x2B
0x2B: SET S header
0x2C: SET S S
0x2D: ADD S S 0x1
0x2E: SET RIP S
0x2F: SET RIP 0x31
0x31: SET RIP 0x33
0x33: SUB $tmp_5 deviceCount 0x1
0x34: SET deviceCount $tmp_5
0x35: ADD $tmp_6 device 0x4
0x36: SET device $tmp_6
0x37: SET RIP 0x10
0x39: SET R0 $tmp_7
0x3A: RET

