func main: 0x0000000000000006
var controllerInfo: 0x00
var deviceCount: 0x01
var device: 0x02
var header: 0x03
var base: 0x04
var $tmp_0: 0x05
var $tmp_1: 0x06
var $tmp_2: 0x07
var $tmp_3: 0x08
var $tmp_4: 0x09
var $tmp_5: 0x0A
var $tmp_6: 0x0B
var $tmp_7: 0x0C
var $tmp_8: 0x0D
var $tmp_9: 0x0E
var $tmp_10: 0x0F
var $tmp_11: 0x10
var $tmp_12: 0x11
var $tmp_13: 0x12
var $tmp_14: 0x13
var $tmp_15: 0x14
var $tmp_16: 0x15
var $tmp_17: 0x16
var $tmp_18: 0x17
var $tmp_19: 0x18
var $tmp_20: 0x19
var $tmp_21: 0x1A
0x00: SL $tmp_0 0xFFF 0x34
0x02: SET controllerInfo $tmp_0
0x03: SET S controllerInfo
0x04: SET S S
0x05: ADD S S 0x0
0x06: SET deviceCount [S]
0x07: SET S controllerInfo
0x08: SET S S
0x09: ADD S S 0x1
0x0A: SET device [S]
0x0B: SET header 0x0
0x0C: SET base 0x0
0x0D: SET RIP 0x0F
0x0F: GT $tmp_1 deviceCount 0x0
0x10: IFZ $tmp_1 SET RIP 0x33
0x12: SET RIP 0x14
0x14: SET S device
0x15: SET S S
0x16: ADD S S 0x1
0x17: EQ $tmp_2 [S] 0x7
0x18: IFZ $tmp_2 SET RIP 0x2D
0x1A: SET RIP 0x1C
0x1C: SET S device
0x1D: SET S S
0x1E: ADD S S 0x0
0x1F: SL $tmp_3 [S] 0x34
0x20: SET header $tmp_3
0x21: SET S device
0x22: SET S S
0x23: ADD S S 0x0
0x24: SL $tmp_5 [S] 0x34
0x25: ADD $tmp_4 $tmp_5 0x10_0000
0x27: SET base $tmp_4
0x28: SET deviceCount 0x0
0x29: SET RIP 0x2B
0x2B: SET RIP 0x0F
0x2D: SUB $tmp_6 deviceCount 0x1
0x2E: SET deviceCount $tmp_6
0x2F: ADD $tmp_7 device 0x4
0x30: SET device $tmp_7
0x31: SET RIP 0x2B
0x33: SET S header
0x34: SET S S
0x35: ADD S S 0x0
0x36: SET R2 [S]
0x37: SET S header
0x38: SET S S
0x39: ADD S S 0x1
0x3A: SET R3 [S]
0x3B: SET S header
0x3C: SET S S
0x3D: ADD S S 0x2
0x3E: SET R4 [S]
0x3F: SET S header
0x40: SET S S
0x41: ADD S S 0x3
0x42: SET R5 [S]
0x43: SET S header
0x44: SET S S
0x45: ADD S S 0x4
0x46: SET R6 [S]
0x47: SET S header
0x48: SET S S
0x49: ADD S S 0x5
0x4A: SET R7 [S]
0x4B: ADD $tmp_8 base 0x0
0x4C: SET S $tmp_8
0x4D: SET [S] 0x48
0x4E: ADD $tmp_9 base 0x1
0x4F: SET S $tmp_9
0x50: SET [S] 0x45
0x51: ADD $tmp_10 base 0x2
0x52: SET S $tmp_10
0x53: SET [S] 0x4C
0x54: ADD $tmp_11 base 0x3
0x55: SET S $tmp_11
0x56: SET [S] 0x4C
0x57: ADD $tmp_12 base 0x4
0x58: SET S $tmp_12
0x59: SET [S] 0x4F
0x5A: ADD $tmp_13 base 0x5
0x5B: SET S $tmp_13
0x5C: SET [S] 0x2C
0x5D: ADD $tmp_14 base 0x6
0x5E: SET S $tmp_14
0x5F: SET [S] 0x20
0x60: ADD $tmp_15 base 0x7
0x61: SET S $tmp_15
0x62: SET [S] 0x57
0x63: ADD $tmp_16 base 0x8
0x64: SET S $tmp_16
0x65: SET [S] 0x4F
0x66: ADD $tmp_17 base 0x9
0x67: SET S $tmp_17
0x68: SET [S] 0x52
0x69: ADD $tmp_18 base 0xA
0x6A: SET S $tmp_18
0x6B: SET [S] 0x4C
0x6C: ADD $tmp_19 base 0xB
0x6D: SET S $tmp_19
0x6E: SET [S] 0x44
0x6F: ADD $tmp_20 base 0xC
0x70: SET S $tmp_20
0x71: SET [S] 0x21
0x72: SET R0 $tmp_21
0x73: RET

